Standard Commons Logging discovery in action with spring-jcl: please remove commons-logging.jar from classpath in order to avoid potential conflicts

  .   ____          _            __ _ _
 /\\ / ___'_ __ _ _(_)_ __  __ _ \ \ \ \
( ( )\___ | '_ | '_| | '_ \/ _` | \ \ \ \
 \\/  ___)| |_)| | | | | || (_| |  ) ) ) )
  '  |____| .__|_| |_|_| |_\__, | / / / /
 =========|_|==============|___/=/_/_/_/
 :: Spring Boot ::                (v3.2.5)

2026-09-10T00:02:57.719+08:00  INFO 76523 --- [doc-rag-backend] [           main] com.docrag.DocRagApplication             : Starting DocRagApplication v0.1.0-SNAPSHOT using Java 17.0.20.1 with PID 76523 (/Users/wangbin/projects/doc-rag/backend/target/doc-rag-backend-0.1.0-SNAPSHOT.jar started by wangbin in /Users/wangbin/projects/doc-rag/backend)
2026-09-10T00:02:57.721+08:00  INFO 76523 --- [doc-rag-backend] [           main] com.docrag.DocRagApplication             : No active profile set, falling back to 1 default profile: "default"
2026-09-10T00:02:58.076+08:00  INFO 76523 --- [doc-rag-backend] [           main] o.s.b.w.embedded.tomcat.TomcatWebServer  : Tomcat initialized with port 8080 (http)
2026-09-10T00:02:58.080+08:00  INFO 76523 --- [doc-rag-backend] [           main] o.apache.catalina.core.StandardService   : Starting service [Tomcat]
2026-09-10T00:02:58.080+08:00  INFO 76523 --- [doc-rag-backend] [           main] o.apache.catalina.core.StandardEngine    : Starting Servlet engine: [Apache Tomcat/10.1.20]
2026-09-10T00:02:58.092+08:00  INFO 76523 --- [doc-rag-backend] [           main] o.a.c.c.C.[Tomcat].[localhost].[/]       : Initializing Spring embedded WebApplicationContext
2026-09-10T00:02:58.093+08:00  INFO 76523 --- [doc-rag-backend] [           main] w.s.c.ServletWebServerApplicationContext : Root WebApplicationContext: initialization completed in 340 ms
Standard Commons Logging discovery in action with spring-jcl: please remove commons-logging.jar from classpath in order to avoid potential conflicts
2026-09-10T00:02:58.296+08:00  INFO 76523 --- [doc-rag-backend] [           main] o.s.b.w.embedded.tomcat.TomcatWebServer  : Tomcat started on port 8080 (http) with context path ''
2026-09-10T00:02:58.299+08:00  INFO 76523 --- [doc-rag-backend] [           main] com.docrag.DocRagApplication             : Started DocRagApplication in 0.726 seconds (process running for 0.898)
2026-09-10T00:03:05.518+08:00  INFO 76523 --- [doc-rag-backend] [nio-8080-exec-1] o.a.c.c.C.[Tomcat].[localhost].[/]       : Initializing Spring DispatcherServlet 'dispatcherServlet'
2026-09-10T00:03:05.518+08:00  INFO 76523 --- [doc-rag-backend] [nio-8080-exec-1] o.s.web.servlet.DispatcherServlet        : Initializing Servlet 'dispatcherServlet'
2026-09-10T00:03:05.519+08:00  INFO 76523 --- [doc-rag-backend] [nio-8080-exec-1] o.s.web.servlet.DispatcherServlet        : Completed initialization in 1 ms
Load extended dictionary:ext.dic
Load stopwords dictionary:stopword.dic
